Nosab -- Hata: getCompanyPage: Message: Unable to locate element: /html/body/div[7]/div/div[2]/div[3]/ul/li[8]/a

Nosab -- Hata: getCompanyPage: Message: Unable to locate element: /html/body/div[7]/div/div[2]/div[3]/ul/li[9]/a

Nosab -- Hata: getCompanyPage: Message: Unable to locate element: /html/body/div[7]/div/div[2]/div[3]/ul/li[10]/a

Nosab -- Hata: getCompanyPage: Message: Unable to locate element: /html/body/div[7]/div/div[2]/div[3]/ul/li[11]/a

Nosab -- Hata: getCompanyPage: Message: Unable to locate element: /html/body/div[7]/div/div[2]/div[3]/ul/li[12]/a

Nosab -- Hata: getCompanyPage: Message: Unable to locate element: /html/body/div[7]/div/div[2]/div[3]/ul/li[13]/a

Nosab -- Hata: getCompanyPage: Message: Unable to locate element: /html/body/div[7]/div/div[2]/div[3]/ul/li[14]/a

Nosab -- Hata: getCompanyPage: Message: Unable to locate element: /html/body/div[7]/div/div[2]/div[3]/ul/li[15]/a

Nosab -- Hata: getCompanyPage: Message: Unable to locate element: /html/body/div[7]/div/div[2]/div[3]/ul/li[16]/a

Nosab -- Hata: getCompanyPage: Message: Unable to locate element: /html/body/div[7]/div/div[2]/div[3]/ul/li[17]/a

Nosab -- Hata: getCompanyPage: Message: Unable to locate element: /html/body/div[7]/div/div[2]/div[3]/ul/li[18]/a

Nosab -- Hata: getCompanyPage: Message: Unable to locate element: /html/body/div[7]/div/div[2]/div[3]/ul/li[19]/a

Nosab -- Hata: getCompanyPage: Message: Unable to locate element: /html/body/div[7]/div/div[2]/div[3]/ul/li[20]/a

Nosab -- Hata: getCompanyPage: Message: Unable to locate element: /html/body/div[7]/div/div[2]/div[3]/ul/li[21]/a

Nosab -- Hata: getCompanyPage: Message: Unable to locate element: /html/body/div[7]/div/div[2]/div[3]/ul/li[22]/a

Nosab -- Hata: getCompanyPage: Message: Unable to locate element: /html/body/div[7]/div/div[2]/div[3]/ul/li[23]/a

Nosab -- Hata: getCompanyPage: Message: Unable to locate element: /html/body/div[7]/div/div[2]/div[3]/ul/li[24]/a

Nosab -- Hata: getCompanyPage: Message: Unable to locate element: /html/body/div[7]/div/div[2]/div[3]/ul/li[25]/a

Nosab -- Hata: getCompanyPage: Message: Unable to locate element: /html/body/div[7]/div/div[2]/div[3]/ul/li[26]/a

Nosab -- Hata: getCompanyPage: Message: Unable to locate element: /html/body/div[7]/div/div[2]/div[3]/ul/li[27]/a

Nosab -- Hata: getCompanyPage: Message: Unable to locate element: /html/body/div[7]/div/div[2]/div[3]/ul/li[28]/a

Nosab -- Hata: getCompanyPage: Message: Unable to locate element: /html/body/div[7]/div/div[2]/div[3]/ul/li[29]/a

Nosab -- Hata: getCompanyPage: Message: Unable to locate element: /html/body/div[7]/div/div[2]/div[3]/ul/li[30]/a

Nosab -- Hata: getCompanyPage: Message: Unable to locate element: /html/body/div[7]/div/div[2]/div[3]/ul/li[31]/a

Nosab -- Hata: getCompanyPage: Message: Unable to locate element: /html/body/div[7]/div/div[2]/div[3]/ul/li[32]/a

Nosab -- Hata: getCompanyPage: Message: Unable to locate element: /html/body/div[7]/div/div[2]/div[3]/ul/li[33]/a

Nosab -- Hata: getCompanyPage: Message: Unable to locate element: /html/body/div[7]/div/div[2]/div[3]/ul/li[34]/a

Nosab -- Hata: getCompanyPage: Message: Unable to locate element: /html/body/div[7]/div/div[2]/div[3]/ul/li[35]/a

Nosab -- Hata: getCompanyPage: Message: Unable to locate element: /html/body/div[7]/div/div[2]/div[3]/ul/li[36]/a

Nosab -- Hata: getCompanyPage: Message: Unable to locate element: /html/body/div[7]/div/div[2]/div[3]/ul/li[37]/a

Nosab -- Hata: getCompanyPage: Message: Unable to locate element: /html/body/div[7]/div/div[2]/div[3]/ul/li[2]/a

Nosab -- Hata: getCompanyPage: Message: Unable to locate element: /html/body/div[7]/div/div[2]/div[3]/ul/li[3]/a

Nosab -- Hata: getCompanyPage: Message: Unable to locate element: /html/body/div[7]/div/div[2]/div[3]/ul/li[4]/a

Nosab -- Hata: getCompanyPage: Message: Unable to locate element: /html/body/div[7]/div/div[2]/div[3]/ul/li[5]/a

Nosab -- Hata: getCompanyPage: Message: Unable to locate element: /html/body/div[7]/div/div[2]/div[3]/ul/li[6]/a

Nosab -- Hata: getCompanyPage: Message: Unable to locate element: /html/body/div[7]/div/div[2]/div[3]/ul/li[7]/a

Nosab -- Hata: getCompanyPage: Message: Unable to locate element: /html/body/div[7]/div/div[2]/div[3]/ul/li[24]/a

Nosab -- Hata: getCompanyPage: Message: Unable to locate element: /html/body/div[7]/div/div[2]/div[3]/ul/li[25]/a

Nosab -- Hata: getCompanyPage: Message: Unable to locate element: /html/body/div[7]/div/div[2]/div[3]/ul/li[26]/a

Nosab -- Hata: getCompanyPage: Message: Unable to locate element: /html/body/div[7]/div/div[2]/div[3]/ul/li[27]/a

Nosab -- Hata: getCompanyPage: Message: Unable to locate element: /html/body/div[7]/div/div[2]/div[3]/ul/li[28]/a

Nosab -- Hata: getCompanyPage: Message: Unable to locate element: /html/body/div[7]/div/div[2]/div[3]/ul/li[29]/a

Nosab -- Hata: getCompanyPage: Message: Unable to locate element: /html/body/div[7]/div/div[2]/div[3]/ul/li[30]/a

Nosab -- Hata: getCompanyPage: Message: Unable to locate element: /html/body/div[7]/div/div[2]/div[3]/ul/li[31]/a

Nosab -- Hata: getCompanyPage: Message: Unable to locate element: /html/body/div[7]/div/div[2]/div[3]/ul/li[32]/a

Nosab -- Hata: getCompanyPage: Message: Unable to locate element: /html/body/div[7]/div/div[2]/div[3]/ul/li[33]/a

Nosab -- Hata: getCompanyPage: Message: Unable to locate element: /html/body/div[7]/div/div[2]/div[3]/ul/li[34]/a

Nosab -- Hata: getCompanyPage: Message: Unable to locate element: /html/body/div[7]/div/div[2]/div[3]/ul/li[35]/a

Nosab -- Hata: getCompanyPage: Message: Unable to locate element: /html/body/div[7]/div/div[2]/div[3]/ul/li[36]/a

Nosab -- Hata: getCompanyPage: Message: Unable to locate element: /html/body/div[7]/div/div[2]/div[3]/ul/li[37]/a

Nosab -- Hata: getCompanyPage: Message: Unable to locate element: /html/body/div[7]/div/div[2]/div[3]/ul/li[11]/a

Nosab -- Hata: getCompanyPage: Message: Unable to locate element: /html/body/div[7]/div/div[2]/div[3]/ul/li[12]/a

Nosab -- Hata: getCompanyPage: Message: Unable to locate element: /html/body/div[7]/div/div[2]/div[3]/ul/li[13]/a

Nosab -- Hata: getCompanyPage: Message: Unable to locate element: /html/body/div[7]/div/div[2]/div[3]/ul/li[14]/a

Nosab -- Hata: getCompanyPage: Message: Unable to locate element: /html/body/div[7]/div/div[2]/div[3]/ul/li[15]/a

Nosab -- Hata: getCompanyPage: Message: Unable to locate element: /html/body/div[7]/div/div[2]/div[3]/ul/li[16]/a

Nosab -- Hata: getCompanyPage: Message: Unable to locate element: /html/body/div[7]/div/div[2]/div[3]/ul/li[17]/a

Nosab -- Hata: getCompanyPage: Message: Unable to locate element: /html/body/div[7]/div/div[2]/div[3]/ul/li[18]/a

Nosab -- Hata: getCompanyPage: Message: Unable to locate element: /html/body/div[7]/div/div[2]/div[3]/ul/li[19]/a

Nosab -- Hata: getCompanyPage: Message: Unable to locate element: /html/body/div[7]/div/div[2]/div[3]/ul/li[20]/a

Nosab -- Hata: getCompanyPage: Message: Unable to locate element: /html/body/div[7]/div/div[2]/div[3]/ul/li[21]/a

Nosab -- Hata: getCompanyPage: Message: Unable to locate element: /html/body/div[7]/div/div[2]/div[3]/ul/li[22]/a

Nosab -- Hata: getCompanyPage: Message: Unable to locate element: /html/body/div[7]/div/div[2]/div[3]/ul/li[23]/a

Nosab -- Hata: getCompanyPage: Message: Unable to locate element: /html/body/div[7]/div/div[2]/div[3]/ul/li[10]/a

Nosab -- Hata: getCompanyPage: Message: Unable to locate element: /html/body/div[7]/div/div[2]/div[3]/ul/li[11]/a

Nosab -- Hata: getCompanyPage: Message: Unable to locate element: /html/body/div[7]/div/div[2]/div[3]/ul/li[12]/a

Nosab -- Hata: getCompanyPage: Message: Unable to locate element: /html/body/div[7]/div/div[2]/div[3]/ul/li[13]/a

Nosab -- Hata: getCompanyPage: Message: Unable to locate element: /html/body/div[7]/div/div[2]/div[3]/ul/li[14]/a

Nosab -- Hata: getCompanyPage: Message: Unable to locate element: /html/body/div[7]/div/div[2]/div[3]/ul/li[15]/a

Nosab -- Hata: getCompanyPage: Message: Unable to locate element: /html/body/div[7]/div/div[2]/div[3]/ul/li[16]/a

Nosab -- Hata: getCompanyPage: Message: Unable to locate element: /html/body/div[7]/div/div[2]/div[3]/ul/li[17]/a

Nosab -- Hata: getCompanyPage: Message: Unable to locate element: /html/body/div[7]/div/div[2]/div[3]/ul/li[18]/a

Nosab -- Hata: getCompanyPage: Message: Unable to locate element: /html/body/div[7]/div/div[2]/div[3]/ul/li[19]/a

Nosab -- Hata: getCompanyPage: Message: Unable to locate element: /html/body/div[7]/div/div[2]/div[3]/ul/li[20]/a

Nosab -- Hata: getCompanyPage: Message: Unable to locate element: /html/body/div[7]/div/div[2]/div[3]/ul/li[21]/a

Nosab -- Hata: getCompanyPage: Message: Unable to locate element: /html/body/div[7]/div/div[2]/div[3]/ul/li[22]/a

Nosab -- Hata: getCompanyPage: Message: Unable to locate element: /html/body/div[7]/div/div[2]/div[3]/ul/li[23]/a

Nosab -- Hata: getCompanyPage: Message: Unable to locate element: /html/body/div[7]/div/div[2]/div[3]/ul/li[24]/a

Nosab -- Hata: getCompanyPage: Message: Unable to locate element: /html/body/div[7]/div/div[2]/div[3]/ul/li[25]/a

Nosab -- Hata: getCompanyPage: Message: Unable to locate element: /html/body/div[7]/div/div[2]/div[3]/ul/li[26]/a

Nosab -- Hata: getCompanyPage: Message: Unable to locate element: /html/body/div[7]/div/div[2]/div[3]/ul/li[27]/a

Nosab -- Hata: getCompanyPage: Message: Unable to locate element: /html/body/div[7]/div/div[2]/div[3]/ul/li[28]/a

Nosab -- Hata: getCompanyPage: Message: Unable to locate element: /html/body/div[7]/div/div[2]/div[3]/ul/li[29]/a

Nosab -- Hata: getCompanyPage: Message: Unable to locate element: /html/body/div[7]/div/div[2]/div[3]/ul/li[30]/a

Nosab -- Hata: getCompanyPage: Message: Unable to locate element: /html/body/div[7]/div/div[2]/div[3]/ul/li[31]/a

Nosab -- Hata: getCompanyPage: Message: Unable to locate element: /html/body/div[7]/div/div[2]/div[3]/ul/li[32]/a

Nosab -- Hata: getCompanyPage: Message: Unable to locate element: /html/body/div[7]/div/div[2]/div[3]/ul/li[33]/a

Nosab -- Hata: getCompanyPage: Message: Unable to locate element: /html/body/div[7]/div/div[2]/div[3]/ul/li[34]/a

Nosab -- Hata: getCompanyPage: Message: Unable to locate element: /html/body/div[7]/div/div[2]/div[3]/ul/li[35]/a

Nosab -- Hata: getCompanyPage: Message: Unable to locate element: /html/body/div[7]/div/div[2]/div[3]/ul/li[36]/a

Nosab -- Hata: getCompanyPage: Message: Unable to locate element: /html/body/div[7]/div/div[2]/div[3]/ul/li[37]/a

Nosab -- Hata: getCompanyPage: Message: Unable to locate element: /html/body/div[7]/div/div[2]/div[3]/ul/li[2]/a

Nosab -- Hata: getCompanyPage: Message: Unable to locate element: /html/body/div[7]/div/div[2]/div[3]/ul/li[3]/a

Nosab -- Hata: getCompanyPage: Message: Unable to locate element: /html/body/div[7]/div/div[2]/div[3]/ul/li[4]/a

Nosab -- Hata: getCompanyPage: Message: Unable to locate element: /html/body/div[7]/div/div[2]/div[3]/ul/li[5]/a

Nosab -- Hata: getCompanyPage: Message: Unable to locate element: /html/body/div[7]/div/div[2]/div[3]/ul/li[6]/a

Nosab -- Hata: getCompanyPage: Message: Unable to locate element: /html/body/div[7]/div/div[2]/div[3]/ul/li[7]/a

Nosab -- Hata: getCompanyPage: Message: Unable to locate element: /html/body/div[7]/div/div[2]/div[3]/ul/li[8]/a

Nosab -- Hata: getCompanyPage: Message: Unable to locate element: /html/body/div[7]/div/div[2]/div[3]/ul/li[9]/a

Nosab -- Hata: getCompanyPage: Message: Unable to locate element: /html/body/div[7]/div/div[2]/div[3]/ul/li[13]/a

Nosab -- Hata: getCompanyPage: Message: Unable to locate element: /html/body/div[7]/div/div[2]/div[3]/ul/li[14]/a

Nosab -- Hata: getCompanyPage: Message: Unable to locate element: /html/body/div[7]/div/div[2]/div[3]/ul/li[15]/a

Nosab -- Hata: getCompanyPage: Message: Unable to locate element: /html/body/div[7]/div/div[2]/div[3]/ul/li[16]/a

Nosab -- Hata: getCompanyPage: Message: Unable to locate element: /html/body/div[7]/div/div[2]/div[3]/ul/li[17]/a

Nosab -- Hata: getCompanyPage: Message: Unable to locate element: /html/body/div[7]/div/div[2]/div[3]/ul/li[18]/a

Nosab -- Hata: getCompanyPage: Message: Unable to locate element: /html/body/div[7]/div/div[2]/div[3]/ul/li[19]/a

Nosab -- Hata: getCompanyPage: Message: Unable to locate element: /html/body/div[7]/div/div[2]/div[3]/ul/li[20]/a

Nosab -- Hata: getCompanyPage: Message: Unable to locate element: /html/body/div[7]/div/div[2]/div[3]/ul/li[21]/a

Nosab -- Hata: getCompanyPage: Message: Unable to locate element: /html/body/div[7]/div/div[2]/div[3]/ul/li[22]/a

Nosab -- Hata: getCompanyPage: Message: Unable to locate element: /html/body/div[7]/div/div[2]/div[3]/ul/li[23]/a

Nosab -- Hata: getCompanyPage: Message: Unable to locate element: /html/body/div[7]/div/div[2]/div[3]/ul/li[24]/a

Nosab -- Hata: getCompanyPage: Message: Unable to locate element: /html/body/div[7]/div/div[2]/div[3]/ul/li[25]/a

Nosab -- Hata: getCompanyPage: Message: Unable to locate element: /html/body/div[7]/div/div[2]/div[3]/ul/li[26]/a

Nosab -- Hata: getCompanyPage: Message: Unable to locate element: /html/body/div[7]/div/div[2]/div[3]/ul/li[27]/a

Nosab -- Hata: getCompanyPage: Message: Unable to locate element: /html/body/div[7]/div/div[2]/div[3]/ul/li[28]/a

Nosab -- Hata: getCompanyPage: Message: Unable to locate element: /html/body/div[7]/div/div[2]/div[3]/ul/li[29]/a

Nosab -- Hata: getCompanyPage: Message: Unable to locate element: /html/body/div[7]/div/div[2]/div[3]/ul/li[30]/a

Nosab -- Hata: getCompanyPage: Message: Unable to locate element: /html/body/div[7]/div/div[2]/div[3]/ul/li[31]/a

Nosab -- Hata: getCompanyPage: Message: Unable to locate element: /html/body/div[7]/div/div[2]/div[3]/ul/li[32]/a

Nosab -- Hata: getCompanyPage: Message: Unable to locate element: /html/body/div[7]/div/div[2]/div[3]/ul/li[33]/a

Nosab -- Hata: getCompanyPage: Message: Unable to locate element: /html/body/div[7]/div/div[2]/div[3]/ul/li[34]/a

Nosab -- Hata: getCompanyPage: Message: Unable to locate element: /html/body/div[7]/div/div[2]/div[3]/ul/li[35]/a

Nosab -- Hata: getCompanyPage: Message: Unable to locate element: /html/body/div[7]/div/div[2]/div[3]/ul/li[36]/a

Nosab -- Hata: getCompanyPage: Message: Unable to locate element: /html/body/div[7]/div/div[2]/div[3]/ul/li[37]/a

Nosab -- Hata: getCompanyPage: Message: Unable to locate element: /html/body/div[7]/div/div[2]/div[3]/ul/li[5]/a

Nosab -- Hata: getCompanyPage: Message: Unable to locate element: /html/body/div[7]/div/div[2]/div[3]/ul/li[6]/a

Nosab -- Hata: getCompanyPage: Message: Unable to locate element: /html/body/div[7]/div/div[2]/div[3]/ul/li[7]/a

Nosab -- Hata: getCompanyPage: Message: Unable to locate element: /html/body/div[7]/div/div[2]/div[3]/ul/li[8]/a

Nosab -- Hata: getCompanyPage: Message: Unable to locate element: /html/body/div[7]/div/div[2]/div[3]/ul/li[9]/a

Nosab -- Hata: getCompanyPage: Message: Unable to locate element: /html/body/div[7]/div/div[2]/div[3]/ul/li[10]/a

Nosab -- Hata: getCompanyPage: Message: Unable to locate element: /html/body/div[7]/div/div[2]/div[3]/ul/li[11]/a

Nosab -- Hata: getCompanyPage: Message: Unable to locate element: /html/body/div[7]/div/div[2]/div[3]/ul/li[12]/a

Nosab -- Hata: getCompanyPage: Message: Unable to locate element: /html/body/div[7]/div/div[2]/div[3]/ul/li[7]/a

Nosab -- Hata: getCompanyPage: Message: Unable to locate element: /html/body/div[7]/div/div[2]/div[3]/ul/li[8]/a

Nosab -- Hata: getCompanyPage: Message: Unable to locate element: /html/body/div[7]/div/div[2]/div[3]/ul/li[9]/a

Nosab -- Hata: getCompanyPage: Message: Unable to locate element: /html/body/div[7]/div/div[2]/div[3]/ul/li[10]/a

Nosab -- Hata: getCompanyPage: Message: Unable to locate element: /html/body/div[7]/div/div[2]/div[3]/ul/li[11]/a

Nosab -- Hata: getCompanyPage: Message: Unable to locate element: /html/body/div[7]/div/div[2]/div[3]/ul/li[12]/a

Nosab -- Hata: getCompanyPage: Message: Unable to locate element: /html/body/div[7]/div/div[2]/div[3]/ul/li[13]/a

Nosab -- Hata: getCompanyPage: Message: Unable to locate element: /html/body/div[7]/div/div[2]/div[3]/ul/li[14]/a

Nosab -- Hata: getCompanyPage: Message: Unable to locate element: /html/body/div[7]/div/div[2]/div[3]/ul/li[15]/a

Nosab -- Hata: getCompanyPage: Message: Unable to locate element: /html/body/div[7]/div/div[2]/div[3]/ul/li[16]/a

Nosab -- Hata: getCompanyPage: Message: Unable to locate element: /html/body/div[7]/div/div[2]/div[3]/ul/li[17]/a

Nosab -- Hata: getCompanyPage: Message: Unable to locate element: /html/body/div[7]/div/div[2]/div[3]/ul/li[18]/a

Nosab -- Hata: getCompanyPage: Message: Unable to locate element: /html/body/div[7]/div/div[2]/div[3]/ul/li[19]/a

Nosab -- Hata: getCompanyPage: Message: Unable to locate element: /html/body/div[7]/div/div[2]/div[3]/ul/li[20]/a

Nosab -- Hata: getCompanyPage: Message: Unable to locate element: /html/body/div[7]/div/div[2]/div[3]/ul/li[21]/a

Nosab -- Hata: getCompanyPage: Message: Unable to locate element: /html/body/div[7]/div/div[2]/div[3]/ul/li[22]/a

Nosab -- Hata: getCompanyPage: Message: Unable to locate element: /html/body/div[7]/div/div[2]/div[3]/ul/li[23]/a

Nosab -- Hata: getCompanyPage: Message: Unable to locate element: /html/body/div[7]/div/div[2]/div[3]/ul/li[24]/a

Nosab -- Hata: getCompanyPage: Message: Unable to locate element: /html/body/div[7]/div/div[2]/div[3]/ul/li[25]/a

Nosab -- Hata: getCompanyPage: Message: Unable to locate element: /html/body/div[7]/div/div[2]/div[3]/ul/li[26]/a

Nosab -- Hata: getCompanyPage: Message: Unable to locate element: /html/body/div[7]/div/div[2]/div[3]/ul/li[27]/a

Nosab -- Hata: getCompanyPage: Message: Unable to locate element: /html/body/div[7]/div/div[2]/div[3]/ul/li[28]/a

Nosab -- Hata: getCompanyPage: Message: Unable to locate element: /html/body/div[7]/div/div[2]/div[3]/ul/li[29]/a

Nosab -- Hata: getCompanyPage: Message: Unable to locate element: /html/body/div[7]/div/div[2]/div[3]/ul/li[30]/a

Nosab -- Hata: getCompanyPage: Message: Unable to locate element: /html/body/div[7]/div/div[2]/div[3]/ul/li[31]/a

Nosab -- Hata: getCompanyPage: Message: Unable to locate element: /html/body/div[7]/div/div[2]/div[3]/ul/li[32]/a

Nosab -- Hata: getCompanyPage: Message: Unable to locate element: /html/body/div[7]/div/div[2]/div[3]/ul/li[33]/a

Nosab -- Hata: getCompanyPage: Message: Unable to locate element: /html/body/div[7]/div/div[2]/div[3]/ul/li[34]/a

Nosab -- Hata: getCompanyPage: Message: Unable to locate element: /html/body/div[7]/div/div[2]/div[3]/ul/li[35]/a

Nosab -- Hata: getCompanyPage: Message: Unable to locate element: /html/body/div[7]/div/div[2]/div[3]/ul/li[36]/a

Nosab -- Hata: getCompanyPage: Message: Unable to locate element: /html/body/div[7]/div/div[2]/div[3]/ul/li[37]/a

Nosab -- Hata: getCompanyPage: Message: Unable to locate element: /html/body/div[7]/div/div[2]/div[3]/ul/li[5]/a

Nosab -- Hata: getCompanyPage: Message: Unable to locate element: /html/body/div[7]/div/div[2]/div[3]/ul/li[6]/a

Nosab -- Hata: getCompanyPage: Message: Unable to locate element: /html/body/div[7]/div/div[2]/div[3]/ul/li[7]/a

Nosab -- Hata: getCompanyPage: Message: Unable to locate element: /html/body/div[7]/div/div[2]/div[3]/ul/li[8]/a

Nosab -- Hata: getCompanyPage: Message: Unable to locate element: /html/body/div[7]/div/div[2]/div[3]/ul/li[9]/a

Nosab -- Hata: getCompanyPage: Message: Unable to locate element: /html/body/div[7]/div/div[2]/div[3]/ul/li[10]/a

Nosab -- Hata: getCompanyPage: Message: Unable to locate element: /html/body/div[7]/div/div[2]/div[3]/ul/li[11]/a

Nosab -- Hata: getCompanyPage: Message: Unable to locate element: /html/body/div[7]/div/div[2]/div[3]/ul/li[12]/a

Nosab -- Hata: getCompanyPage: Message: Unable to locate element: /html/body/div[7]/div/div[2]/div[3]/ul/li[13]/a

Nosab -- Hata: getCompanyPage: Message: Unable to locate element: /html/body/div[7]/div/div[2]/div[3]/ul/li[14]/a

Nosab -- Hata: getCompanyPage: Message: Unable to locate element: /html/body/div[7]/div/div[2]/div[3]/ul/li[15]/a

Nosab -- Hata: getCompanyPage: Message: Unable to locate element: /html/body/div[7]/div/div[2]/div[3]/ul/li[16]/a

Nosab -- Hata: getCompanyPage: Message: Unable to locate element: /html/body/div[7]/div/div[2]/div[3]/ul/li[17]/a

Nosab -- Hata: getCompanyPage: Message: Unable to locate element: /html/body/div[7]/div/div[2]/div[3]/ul/li[18]/a

Nosab -- Hata: getCompanyPage: Message: Unable to locate element: /html/body/div[7]/div/div[2]/div[3]/ul/li[19]/a

Nosab -- Hata: getCompanyPage: Message: Unable to locate element: /html/body/div[7]/div/div[2]/div[3]/ul/li[20]/a

Nosab -- Hata: getCompanyPage: Message: Unable to locate element: /html/body/div[7]/div/div[2]/div[3]/ul/li[21]/a

Nosab -- Hata: getCompanyPage: Message: Unable to locate element: /html/body/div[7]/div/div[2]/div[3]/ul/li[22]/a

Nosab -- Hata: getCompanyPage: Message: Unable to locate element: /html/body/div[7]/div/div[2]/div[3]/ul/li[23]/a

Nosab -- Hata: getCompanyPage: Message: Unable to locate element: /html/body/div[7]/div/div[2]/div[3]/ul/li[24]/a

Nosab -- Hata: getCompanyPage: Message: Unable to locate element: /html/body/div[7]/div/div[2]/div[3]/ul/li[25]/a

Nosab -- Hata: getCompanyPage: Message: Unable to locate element: /html/body/div[7]/div/div[2]/div[3]/ul/li[26]/a

Nosab -- Hata: getCompanyPage: Message: Unable to locate element: /html/body/div[7]/div/div[2]/div[3]/ul/li[27]/a

Nosab -- Hata: getCompanyPage: Message: Unable to locate element: /html/body/div[7]/div/div[2]/div[3]/ul/li[28]/a

Nosab -- Hata: getCompanyPage: Message: Unable to locate element: /html/body/div[7]/div/div[2]/div[3]/ul/li[29]/a

Nosab -- Hata: getCompanyPage: Message: Unable to locate element: /html/body/div[7]/div/div[2]/div[3]/ul/li[30]/a

Nosab -- Hata: getCompanyPage: Message: Unable to locate element: /html/body/div[7]/div/div[2]/div[3]/ul/li[31]/a

Nosab -- Hata: getCompanyPage: Message: Unable to locate element: /html/body/div[7]/div/div[2]/div[3]/ul/li[32]/a

Nosab -- Hata: getCompanyPage: Message: Unable to locate element: /html/body/div[7]/div/div[2]/div[3]/ul/li[33]/a

Nosab -- Hata: getCompanyPage: Message: Unable to locate element: /html/body/div[7]/div/div[2]/div[3]/ul/li[34]/a

Nosab -- Hata: getCompanyPage: Message: Unable to locate element: /html/body/div[7]/div/div[2]/div[3]/ul/li[35]/a

Nosab -- Hata: getCompanyPage: Message: Unable to locate element: /html/body/div[7]/div/div[2]/div[3]/ul/li[36]/a

Nosab -- Hata: getCompanyPage: Message: Unable to locate element: /html/body/div[7]/div/div[2]/div[3]/ul/li[37]/a

Nosab -- Hata: getCompanyPage: Message: Unable to locate element: /html/body/div[7]/div/div[2]/div[3]/ul/li[9]/a

Nosab -- Hata: getCompanyPage: Message: Unable to locate element: /html/body/div[7]/div/div[2]/div[3]/ul/li[10]/a

Nosab -- Hata: getCompanyPage: Message: Unable to locate element: /html/body/div[7]/div/div[2]/div[3]/ul/li[11]/a

Nosab -- Hata: getCompanyPage: Message: Unable to locate element: /html/body/div[7]/div/div[2]/div[3]/ul/li[12]/a

Nosab -- Hata: getCompanyPage: Message: Unable to locate element: /html/body/div[7]/div/div[2]/div[3]/ul/li[13]/a

Nosab -- Hata: getCompanyPage: Message: Unable to locate element: /html/body/div[7]/div/div[2]/div[3]/ul/li[14]/a

Nosab -- Hata: getCompanyPage: Message: Unable to locate element: /html/body/div[7]/div/div[2]/div[3]/ul/li[15]/a

Nosab -- Hata: getCompanyPage: Message: Unable to locate element: /html/body/div[7]/div/div[2]/div[3]/ul/li[16]/a

Nosab -- Hata: getCompanyPage: Message: Unable to locate element: /html/body/div[7]/div/div[2]/div[3]/ul/li[17]/a

Nosab -- Hata: getCompanyPage: Message: Unable to locate element: /html/body/div[7]/div/div[2]/div[3]/ul/li[18]/a

Nosab -- Hata: getCompanyPage: Message: Unable to locate element: /html/body/div[7]/div/div[2]/div[3]/ul/li[19]/a

Nosab -- Hata: getCompanyPage: Message: Unable to locate element: /html/body/div[7]/div/div[2]/div[3]/ul/li[20]/a

Nosab -- Hata: getCompanyPage: Message: Unable to locate element: /html/body/div[7]/div/div[2]/div[3]/ul/li[21]/a

Nosab -- Hata: getCompanyPage: Message: Unable to locate element: /html/body/div[7]/div/div[2]/div[3]/ul/li[22]/a

Nosab -- Hata: getCompanyPage: Message: Unable to locate element: /html/body/div[7]/div/div[2]/div[3]/ul/li[23]/a

Nosab -- Hata: getCompanyPage: Message: Unable to locate element: /html/body/div[7]/div/div[2]/div[3]/ul/li[24]/a

Nosab -- Hata: getCompanyPage: Message: Unable to locate element: /html/body/div[7]/div/div[2]/div[3]/ul/li[25]/a

Nosab -- Hata: getCompanyPage: Message: Unable to locate element: /html/body/div[7]/div/div[2]/div[3]/ul/li[26]/a

Nosab -- Hata: getCompanyPage: Message: Unable to locate element: /html/body/div[7]/div/div[2]/div[3]/ul/li[27]/a

Nosab -- Hata: getCompanyPage: Message: Unable to locate element: /html/body/div[7]/div/div[2]/div[3]/ul/li[28]/a

Nosab -- Hata: getCompanyPage: Message: Unable to locate element: /html/body/div[7]/div/div[2]/div[3]/ul/li[29]/a

Nosab -- Hata: getCompanyPage: Message: Unable to locate element: /html/body/div[7]/div/div[2]/div[3]/ul/li[30]/a

Nosab -- Hata: getCompanyPage: Message: Unable to locate element: /html/body/div[7]/div/div[2]/div[3]/ul/li[31]/a

Nosab -- Hata: getCompanyPage: Message: Unable to locate element: /html/body/div[7]/div/div[2]/div[3]/ul/li[32]/a

Nosab -- Hata: getCompanyPage: Message: Unable to locate element: /html/body/div[7]/div/div[2]/div[3]/ul/li[33]/a

Nosab -- Hata: getCompanyPage: Message: Unable to locate element: /html/body/div[7]/div/div[2]/div[3]/ul/li[34]/a

Nosab -- Hata: getCompanyPage: Message: Unable to locate element: /html/body/div[7]/div/div[2]/div[3]/ul/li[35]/a

Nosab -- Hata: getCompanyPage: Message: Unable to locate element: /html/body/div[7]/div/div[2]/div[3]/ul/li[36]/a

Nosab -- Hata: getCompanyPage: Message: Unable to locate element: /html/body/div[7]/div/div[2]/div[3]/ul/li[37]/a

Nosab -- Hata: getCompanyPage: Message: Unable to locate element: /html/body/div[7]/div/div[2]/div[3]/ul/li[2]/a

Nosab -- Hata: getCompanyPage: Message: Unable to locate element: /html/body/div[7]/div/div[2]/div[3]/ul/li[3]/a

Nosab -- Hata: getCompanyPage: Message: Unable to locate element: /html/body/div[7]/div/div[2]/div[3]/ul/li[4]/a

Nosab -- Hata: getCompanyPage: Message: Unable to locate element: /html/body/div[7]/div/div[2]/div[3]/ul/li[5]/a

Nosab -- Hata: getCompanyPage: Message: Unable to locate element: /html/body/div[7]/div/div[2]/div[3]/ul/li[6]/a

Nosab -- Hata: getCompanyPage: Message: Unable to locate element: /html/body/div[7]/div/div[2]/div[3]/ul/li[7]/a

Nosab -- Hata: getCompanyPage: Message: Unable to locate element: /html/body/div[7]/div/div[2]/div[3]/ul/li[8]/a

Nosab -- Hata: getCompanyPage: Message: Unable to locate element: /html/body/div[7]/div/div[2]/div[3]/ul/li[9]/a

Nosab -- Hata: getCompanyPage: Message: Unable to locate element: /html/body/div[7]/div/div[2]/div[3]/ul/li[10]/a

Nosab -- Hata: getCompanyPage: Message: Unable to locate element: /html/body/div[7]/div/div[2]/div[3]/ul/li[11]/a

Nosab -- Hata: getCompanyPage: Message: Unable to locate element: /html/body/div[7]/div/div[2]/div[3]/ul/li[12]/a

Nosab -- Hata: getCompanyPage: Message: Unable to locate element: /html/body/div[7]/div/div[2]/div[3]/ul/li[13]/a

Nosab -- Hata: getCompanyPage: Message: Unable to locate element: /html/body/div[7]/div/div[2]/div[3]/ul/li[14]/a

Nosab -- Hata: getCompanyPage: Message: Unable to locate element: /html/body/div[7]/div/div[2]/div[3]/ul/li[15]/a

Nosab -- Hata: getCompanyPage: Message: Unable to locate element: /html/body/div[7]/div/div[2]/div[3]/ul/li[16]/a

Nosab -- Hata: getCompanyPage: Message: Unable to locate element: /html/body/div[7]/div/div[2]/div[3]/ul/li[17]/a

Nosab -- Hata: getCompanyPage: Message: Unable to locate element: /html/body/div[7]/div/div[2]/div[3]/ul/li[18]/a

Nosab -- Hata: getCompanyPage: Message: Unable to locate element: /html/body/div[7]/div/div[2]/div[3]/ul/li[19]/a

Nosab -- Hata: getCompanyPage: Message: Unable to locate element: /html/body/div[7]/div/div[2]/div[3]/ul/li[20]/a

Nosab -- Hata: getCompanyPage: Message: Unable to locate element: /html/body/div[7]/div/div[2]/div[3]/ul/li[21]/a

Nosab -- Hata: getCompanyPage: Message: Unable to locate element: /html/body/div[7]/div/div[2]/div[3]/ul/li[22]/a

Nosab -- Hata: getCompanyPage: Message: Unable to locate element: /html/body/div[7]/div/div[2]/div[3]/ul/li[23]/a

Nosab -- Hata: getCompanyPage: Message: Unable to locate element: /html/body/div[7]/div/div[2]/div[3]/ul/li[24]/a

Nosab -- Hata: getCompanyPage: Message: Unable to locate element: /html/body/div[7]/div/div[2]/div[3]/ul/li[25]/a

Nosab -- Hata: getCompanyPage: Message: Unable to locate element: /html/body/div[7]/div/div[2]/div[3]/ul/li[26]/a

Nosab -- Hata: getCompanyPage: Message: Unable to locate element: /html/body/div[7]/div/div[2]/div[3]/ul/li[27]/a

Nosab -- Hata: getCompanyPage: Message: Unable to locate element: /html/body/div[7]/div/div[2]/div[3]/ul/li[28]/a

Nosab -- Hata: getCompanyPage: Message: Unable to locate element: /html/body/div[7]/div/div[2]/div[3]/ul/li[29]/a

Nosab -- Hata: getCompanyPage: Message: Unable to locate element: /html/body/div[7]/div/div[2]/div[3]/ul/li[30]/a

Nosab -- Hata: getCompanyPage: Message: Unable to locate element: /html/body/div[7]/div/div[2]/div[3]/ul/li[31]/a

Nosab -- Hata: getCompanyPage: Message: Unable to locate element: /html/body/div[7]/div/div[2]/div[3]/ul/li[32]/a

Nosab -- Hata: getCompanyPage: Message: Unable to locate element: /html/body/div[7]/div/div[2]/div[3]/ul/li[33]/a

Nosab -- Hata: getCompanyPage: Message: Unable to locate element: /html/body/div[7]/div/div[2]/div[3]/ul/li[34]/a

Nosab -- Hata: getCompanyPage: Message: Unable to locate element: /html/body/div[7]/div/div[2]/div[3]/ul/li[35]/a

Nosab -- Hata: getCompanyPage: Message: Unable to locate element: /html/body/div[7]/div/div[2]/div[3]/ul/li[36]/a

Nosab -- Hata: getCompanyPage: Message: Unable to locate element: /html/body/div[7]/div/div[2]/div[3]/ul/li[37]/a

Nosab -- Hata: getCompanyPage: Message: Unable to locate element: /html/body/div[7]/div/div[2]/div[3]/ul/li[4]/a

Nosab -- Hata: getCompanyPage: Message: Unable to locate element: /html/body/div[7]/div/div[2]/div[3]/ul/li[5]/a

Nosab -- Hata: getCompanyPage: Message: Unable to locate element: /html/body/div[7]/div/div[2]/div[3]/ul/li[6]/a

Nosab -- Hata: getCompanyPage: Message: Unable to locate element: /html/body/div[7]/div/div[2]/div[3]/ul/li[7]/a

Nosab -- Hata: getCompanyPage: Message: Unable to locate element: /html/body/div[7]/div/div[2]/div[3]/ul/li[8]/a

Nosab -- Hata: getCompanyPage: Message: Unable to locate element: /html/body/div[7]/div/div[2]/div[3]/ul/li[9]/a

Nosab -- Hata: getCompanyPage: Message: Unable to locate element: /html/body/div[7]/div/div[2]/div[3]/ul/li[10]/a

Nosab -- Hata: getCompanyPage: Message: Unable to locate element: /html/body/div[7]/div/div[2]/div[3]/ul/li[11]/a

Nosab -- Hata: getCompanyPage: Message: Unable to locate element: /html/body/div[7]/div/div[2]/div[3]/ul/li[12]/a

Nosab -- Hata: getCompanyPage: Message: Unable to locate element: /html/body/div[7]/div/div[2]/div[3]/ul/li[13]/a

Nosab -- Hata: getCompanyPage: Message: Unable to locate element: /html/body/div[7]/div/div[2]/div[3]/ul/li[14]/a

Nosab -- Hata: getCompanyPage: Message: Unable to locate element: /html/body/div[7]/div/div[2]/div[3]/ul/li[15]/a

Nosab -- Hata: getCompanyPage: Message: Unable to locate element: /html/body/div[7]/div/div[2]/div[3]/ul/li[16]/a

Nosab -- Hata: getCompanyPage: Message: Unable to locate element: /html/body/div[7]/div/div[2]/div[3]/ul/li[17]/a

Nosab -- Hata: getCompanyPage: Message: Unable to locate element: /html/body/div[7]/div/div[2]/div[3]/ul/li[18]/a

Nosab -- Hata: getCompanyPage: Message: Unable to locate element: /html/body/div[7]/div/div[2]/div[3]/ul/li[19]/a

Nosab -- Hata: getCompanyPage: Message: Unable to locate element: /html/body/div[7]/div/div[2]/div[3]/ul/li[20]/a

Nosab -- Hata: getCompanyPage: Message: Unable to locate element: /html/body/div[7]/div/div[2]/div[3]/ul/li[21]/a

Nosab -- Hata: getCompanyPage: Message: Unable to locate element: /html/body/div[7]/div/div[2]/div[3]/ul/li[22]/a

Nosab -- Hata: getCompanyPage: Message: Unable to locate element: /html/body/div[7]/div/div[2]/div[3]/ul/li[23]/a

Nosab -- Hata: getCompanyPage: Message: Unable to locate element: /html/body/div[7]/div/div[2]/div[3]/ul/li[24]/a

Nosab -- Hata: getCompanyPage: Message: Unable to locate element: /html/body/div[7]/div/div[2]/div[3]/ul/li[25]/a

Nosab -- Hata: getCompanyPage: Message: Unable to locate element: /html/body/div[7]/div/div[2]/div[3]/ul/li[26]/a

Nosab -- Hata: getCompanyPage: Message: Unable to locate element: /html/body/div[7]/div/div[2]/div[3]/ul/li[27]/a

Nosab -- Hata: getCompanyPage: Message: Unable to locate element: /html/body/div[7]/div/div[2]/div[3]/ul/li[28]/a

Nosab -- Hata: getCompanyPage: Message: Unable to locate element: /html/body/div[7]/div/div[2]/div[3]/ul/li[29]/a

Nosab -- Hata: getCompanyPage: Message: Unable to locate element: /html/body/div[7]/div/div[2]/div[3]/ul/li[30]/a

Nosab -- Hata: getCompanyPage: Message: Unable to locate element: /html/body/div[7]/div/div[2]/div[3]/ul/li[31]/a

Nosab -- Hata: getCompanyPage: Message: Unable to locate element: /html/body/div[7]/div/div[2]/div[3]/ul/li[32]/a

Nosab -- Hata: getCompanyPage: Message: Unable to locate element: /html/body/div[7]/div/div[2]/div[3]/ul/li[33]/a

Nosab -- Hata: getCompanyPage: Message: Unable to locate element: /html/body/div[7]/div/div[2]/div[3]/ul/li[34]/a

Nosab -- Hata: getCompanyPage: Message: Unable to locate element: /html/body/div[7]/div/div[2]/div[3]/ul/li[35]/a

Nosab -- Hata: getCompanyPage: Message: Unable to locate element: /html/body/div[7]/div/div[2]/div[3]/ul/li[36]/a

Nosab -- Hata: getCompanyPage: Message: Unable to locate element: /html/body/div[7]/div/div[2]/div[3]/ul/li[37]/a

Nosab -- Hata: getCompanyPage: Message: Unable to locate element: /html/body/div[7]/div/div[2]/div[3]/ul/li[10]/a

Nosab -- Hata: getCompanyPage: Message: Unable to locate element: /html/body/div[7]/div/div[2]/div[3]/ul/li[11]/a

Nosab -- Hata: getCompanyPage: Message: Unable to locate element: /html/body/div[7]/div/div[2]/div[3]/ul/li[12]/a

Nosab -- Hata: getCompanyPage: Message: Unable to locate element: /html/body/div[7]/div/div[2]/div[3]/ul/li[13]/a

Nosab -- Hata: getCompanyPage: Message: Unable to locate element: /html/body/div[7]/div/div[2]/div[3]/ul/li[14]/a

Nosab -- Hata: getCompanyPage: Message: Unable to locate element: /html/body/div[7]/div/div[2]/div[3]/ul/li[15]/a

Nosab -- Hata: getCompanyPage: Message: Unable to locate element: /html/body/div[7]/div/div[2]/div[3]/ul/li[16]/a

Nosab -- Hata: getCompanyPage: Message: Unable to locate element: /html/body/div[7]/div/div[2]/div[3]/ul/li[17]/a

Nosab -- Hata: getCompanyPage: Message: Unable to locate element: /html/body/div[7]/div/div[2]/div[3]/ul/li[18]/a

Nosab -- Hata: getCompanyPage: Message: Unable to locate element: /html/body/div[7]/div/div[2]/div[3]/ul/li[19]/a

Nosab -- Hata: getCompanyPage: Message: Unable to locate element: /html/body/div[7]/div/div[2]/div[3]/ul/li[20]/a

Nosab -- Hata: getCompanyPage: Message: Unable to locate element: /html/body/div[7]/div/div[2]/div[3]/ul/li[21]/a

Nosab -- Hata: getCompanyPage: Message: Unable to locate element: /html/body/div[7]/div/div[2]/div[3]/ul/li[22]/a

Nosab -- Hata: getCompanyPage: Message: Unable to locate element: /html/body/div[7]/div/div[2]/div[3]/ul/li[23]/a

Nosab -- Hata: getCompanyPage: Message: Unable to locate element: /html/body/div[7]/div/div[2]/div[3]/ul/li[24]/a

Nosab -- Hata: getCompanyPage: Message: Unable to locate element: /html/body/div[7]/div/div[2]/div[3]/ul/li[25]/a

Nosab -- Hata: getCompanyPage: Message: Unable to locate element: /html/body/div[7]/div/div[2]/div[3]/ul/li[26]/a

Nosab -- Hata: getCompanyPage: Message: Unable to locate element: /html/body/div[7]/div/div[2]/div[3]/ul/li[27]/a

Nosab -- Hata: getCompanyPage: Message: Unable to locate element: /html/body/div[7]/div/div[2]/div[3]/ul/li[28]/a

Nosab -- Hata: getCompanyPage: Message: Unable to locate element: /html/body/div[7]/div/div[2]/div[3]/ul/li[29]/a

Nosab -- Hata: getCompanyPage: Message: Unable to locate element: /html/body/div[7]/div/div[2]/div[3]/ul/li[30]/a

Nosab -- Hata: getCompanyPage: Message: Unable to locate element: /html/body/div[7]/div/div[2]/div[3]/ul/li[31]/a

Nosab -- Hata: getCompanyPage: Message: Unable to locate element: /html/body/div[7]/div/div[2]/div[3]/ul/li[32]/a

Nosab -- Hata: getCompanyPage: Message: Unable to locate element: /html/body/div[7]/div/div[2]/div[3]/ul/li[33]/a

Nosab -- Hata: getCompanyPage: Message: Unable to locate element: /html/body/div[7]/div/div[2]/div[3]/ul/li[34]/a

Nosab -- Hata: getCompanyPage: Message: Unable to locate element: /html/body/div[7]/div/div[2]/div[3]/ul/li[35]/a

Nosab -- Hata: getCompanyPage: Message: Unable to locate element: /html/body/div[7]/div/div[2]/div[3]/ul/li[36]/a

Nosab -- Hata: getCompanyPage: Message: Unable to locate element: /html/body/div[7]/div/div[2]/div[3]/ul/li[37]/a

